Microchip MPLAB XC8 Compiler V2.36

Linker command line:

-W-3 --edf=D:\MPLABxIDE\pic\dat\en_msgs.txt -cn \
  -h+dist/default/production\P9.X.production.sym \
  --cmf=dist/default/production\P9.X.production.cmf -z -Q18F45K50 \
  -oC:\Users\jrmoh\AppData\Local\Temp\xcAskk8.4 --defsym=__MPLAB_BUILD=1 \
  -Mdist/default/production/P9.X.production.map \
  --md=C:\Users\jrmoh\AppData\Local\Temp\xcAskk8.dat -E1 -ver=XC8 Compiler \
  --acfsm=1493 -ACODE=00h-07FFFh -ACONST=00h-07FFFh \
  -ASMALLCONST=0800h-08FFhx120 -AMEDIUMCONST=0800h-07FFFh -ACOMRAM=01h-05Fh \
  -AABS1=00h-07FFh -ABIGRAM=01h-07FFh -ARAM=060h-0FFh,0100h-01FFhx7 \
  -ABANK0=060h-0FFh -ABANK1=0100h-01FFh -ABANK2=0200h-02FFh \
  -ABANK3=0300h-03FFh -ABANK4=0400h-04FFh -ABANK5=0500h-05FFh \
  -ABANK6=0600h-06FFh -ABANK7=0700h-07FFh -ASFR=0F53h-0F5Fh,0F60h-0FFFh \
  -ABIGSFR=0F53h-0FFFh -ACONFIG=0300000h-030000Dh -AIDLOC=0200000h-0200007h \
  -AEEDATA=0F00000h-0F000FFh -peeprom_data=EEDATA \
  -preset_vec=00h,intcode=08h,intcodelo,powerup,init -pramtop=0800h \
  -psmallconst=SMALLCONST -pmediumconst=MEDIUMCONST -pconst=CONST \
  -AFARRAM=00h-00h \
  -prdata=COMRAM,nvrram=COMRAM,nvbit=COMRAM,rbss=COMRAM,rbit=COMRAM \
  -pfarbss=FARRAM,fardata=FARRAM,nvFARRAM=FARRAM \
  -pintsave_regs=BIGRAM,bigbss=BIGRAM,bigdata=BIGRAM -pbss=RAM \
  -pidata=CODE,irdata=CODE,ibigdata=CODE,ifardata=CODE -prparam=COMRAM \
  C:\Users\jrmoh\AppData\Local\Temp\xcAskk8.o \
  dist/default/production\P9.X.production.o 

Object code version is 3.11

Machine type is 18F45K50



                Name                               Link     Load   Length Selector   Space Scale
C:\Users\jrmoh\AppData\Local\Temp\xcAskk8.o
                idloc                            200000   200000        8        0       5
                config                           300000   300000        E        0       4
                init                                 4A       4A        4        4       0
                reset_vec                             0        0        4        0       0
dist/default/production\P9.X.production.o
                intcode                               8        8       42        4       0
                idloc                            200000   200000        8        0       5
                config                           300000   300000        E        0       4
                temp                                  9        9        1        1       1
                text10                              168      168      11A        4       0
                text8                                4E       4E      11A        4       0
                text7                               2BE      2BE       36        4       0
                text6                               2F4      2F4       22        4       0
                text5                               328      328       12        4       0
                text4                               35E      35E        A        4       0
                text3                               354      354        A        4       0
                text2                               316      316       12        4       0
                text1                               34A      34A        A        4       0
                text0                               282      282       3C        4       0
                cstackCOMRAM                          1        1        7        1       1
                bssCOMRAM                             8        8        1        1       1
                cinit                               33A      33A       10        4       0

TOTAL           Name                               Link     Load   Length     Space
        CLASS   CODE           
                intcode                               8        8       42         0
                init                                 4A       4A        4         0
                reset_vec                             0        0        4         0
                text10                              168      168      11A         0
                text8                                4E       4E      11A         0
                text7                               2BE      2BE       36         0
                text6                               2F4      2F4       22         0
                text5                               328      328       12         0
                text4                               35E      35E        A         0
                text3                               354      354        A         0
                text2                               316      316       12         0
                text1                               34A      34A        A         0
                text0                               282      282       3C         0
                cinit                               33A      33A       10         0

        CLASS   CONST          

        CLASS   SMALLCONST     

        CLASS   MEDIUMCONST    

        CLASS   COMRAM         
                temp                                  9        9        1         1
                cstackCOMRAM                          1        1        7         1
                bssCOMRAM                             8        8        1         1

        CLASS   ABS1           

        CLASS   BIGRAM         

        CLASS   RAM            

        CLASS   BANK0          

        CLASS   BANK1          

        CLASS   BANK2          

        CLASS   BANK3          

        CLASS   BANK4          

        CLASS   BANK5          

        CLASS   BANK6          

        CLASS   BANK7          

        CLASS   SFR            

        CLASS   BIGSFR         

        CLASS   CONFIG         
                config                           300000   300000        E         4

        CLASS   IDLOC          
                idloc                            200000   200000        8         5

        CLASS   EEDATA         

        CLASS   FARRAM         

        CLASS   HEAP           

        CLASS   STACK          



SEGMENTS        Name                           Load    Length   Top    Selector   Space  Class

                reset_vec                      000000  000004  000004         0       0  CODE    
                cstackCOMRAM                   000001  000009  00000A         1       1  COMRAM  
                intcode                        000008  000360  000368         4       0  CODE    


UNUSED ADDRESS RANGES

        Name                Unused          Largest block    Delta
        BANK0            000060-0000FF               A0
        BANK1            000100-0001FF              100
        BANK2            000200-0002FF              100
        BANK3            000300-0003FF              100
        BANK4            000400-0004FF              100
        BANK5            000500-0005FF              100
        BANK6            000600-0006FF              100
        BANK7            000700-0007FF              100
        BIGRAM           00000A-0007FF              7F6
        BIGSFR           000F53-000FFF               AD
        CODE             000004-000007                4
                         000368-007FFF             7C98
        COMRAM           00000A-00005F               56
        CONST            000004-000007                4
                         000368-007FFF             7C98
        EEDATA           F00000-F000FF              100
        MEDIUMCONST      000800-007FFF             7800
        RAM              000060-0007FF              100
        SFR              000F53-000FFF                D
        SMALLCONST       000800-007FFF              100

                                  Symbol Table

_ANSELA                  (abs)        000F5B
_ANSELB                  (abs)        000F5C
_ANSELD                  (abs)        000F5E
_INTCON2bits             (abs)        000FF1
_INTCONbits              (abs)        000FF2
_LATD                    (abs)        000F8C
_OSCCON                  (abs)        000FD3
_PORTA                   (abs)        000F80
_PORTBbits               (abs)        000F81
_PORTD                   (abs)        000F83
_RCONbits                (abs)        000FD0
_T0CON                   (abs)        000FD5
_TMR0H                   (abs)        000FD7
_TMR0L                   (abs)        000FD6
_TRISA                   (abs)        000F92
_TRISBbits               (abs)        000F93
_TRISD                   (abs)        000F95
__HRAM                   (abs)        000000
__Habs1                  abs1         000000
__Hbank0                 bank0        000000
__Hbank1                 bank1        000000
__Hbank2                 bank2        000000
__Hbank3                 bank3        000000
__Hbank4                 bank4        000000
__Hbank5                 bank5        000000
__Hbank6                 bank6        000000
__Hbank7                 bank7        000000
__Hbigbss                bigbss       000000
__Hbigdata               bigdata      000000
__Hbigram                bigram       000000
__Hbigsfr                bigsfr       000000
__Hbss                   bss          000000
__HbssCOMRAM             bssCOMRAM    000000
__Hcinit                 cinit        000000
__Hclrtext               clrtext      000000
__Hcomram                comram       000000
__Hconfig                config       30000E
__Hconst                 const        000000
__HcstackCOMRAM          cstackCOMRAM 000000
__Hdata                  data         000000
__Heeprom_data           eeprom_data  000000
__Hfarbss                farbss       000000
__Hfardata               fardata      000000
__Hheap                  heap         000000
__Hibigdata              ibigdata     000000
__Hidata                 idata        000000
__Hidloc                 idloc        200008
__Hifardata              ifardata     000000
__Hinit                  init         00004E
__Hintcode               intcode      00004A
__Hintcode_body          intcode_body 000000
__Hintcodelo             intcodelo    00004A
__Hintentry              intentry     000000
__Hintret                intret       000000
__Hintsave_regs          intsave_regs 000000
__Hirdata                irdata       000000
__Hmediumconst           mediumconst  000000
__HnvFARRAM              nvFARRAM     000000
__Hnvbit                 nvbit        000000
__Hnvrram                nvrram       000000
__Hparam                 rparam       000000
__Hpowerup               powerup      00004A
__Hram                   ram          000000
__Hramtop                ramtop       000800
__Hrbit                  rbit         000000
__Hrbss                  rbss         000000
__Hrdata                 rdata        000000
__Hreset_vec             reset_vec    000004
__Hrparam                rparam       000000
__Hsfr                   sfr          000000
__Hsmallconst            smallconst   000000
__Hspace_0               (abs)        000800
__Hspace_1               (abs)        00000A
__Hspace_2               (abs)        000000
__Hspace_4               (abs)        60000E
__Hstack                 stack        000000
__Hstruct                struct       000000
__Htemp                  temp         00000A
__Htext                  text         000000
__Htext0                 text0        000000
__Htext1                 text1        000000
__Htext10                text10       000000
__Htext2                 text2        000000
__Htext3                 text3        000000
__Htext4                 text4        000000
__Htext5                 text5        000000
__Htext6                 text6        000000
__Htext7                 text7        000000
__Htext8                 text8        000000
__LRAM                   (abs)        000001
__Labs1                  abs1         000000
__Lbank0                 bank0        000000
__Lbank1                 bank1        000000
__Lbank2                 bank2        000000
__Lbank3                 bank3        000000
__Lbank4                 bank4        000000
__Lbank5                 bank5        000000
__Lbank6                 bank6        000000
__Lbank7                 bank7        000000
__Lbigbss                bigbss       000000
__Lbigdata               bigdata      000000
__Lbigram                bigram       000000
__Lbigsfr                bigsfr       000000
__Lbss                   bss          000000
__LbssCOMRAM             bssCOMRAM    000000
__Lcinit                 cinit        000000
__Lclrtext               clrtext      000000
__Lcomram                comram       000000
__Lconfig                config       000000
__Lconst                 const        000000
__LcstackCOMRAM          cstackCOMRAM 000000
__Ldata                  data         000000
__Leeprom_data           eeprom_data  000000
__Lfarbss                farbss       000000
__Lfardata               fardata      000000
__Lheap                  heap         000000
__Libigdata              ibigdata     000000
__Lidata                 idata        000000
__Lidloc                 idloc        000000
__Lifardata              ifardata     000000
__Linit                  init         00004A
__Lintcode               intcode      000008
__Lintcode_body          intcode_body 000000
__Lintcodelo             intcodelo    00004A
__Lintentry              intentry     000000
__Lintret                intret       000000
__Lintsave_regs          intsave_regs 000000
__Lirdata                irdata       000000
__Lmediumconst           mediumconst  000000
__LnvFARRAM              nvFARRAM     000000
__Lnvbit                 nvbit        000000
__Lnvrram                nvrram       000000
__Lparam                 rparam       000000
__Lpowerup               powerup      00004A
__Lram                   ram          000000
__Lramtop                ramtop       000800
__Lrbit                  rbit         000000
__Lrbss                  rbss         000000
__Lrdata                 rdata        000000
__Lreset_vec             reset_vec    000000
__Lrparam                rparam       000000
__Lsfr                   sfr          000000
__Lsmallconst            smallconst   000000
__Lspace_0               (abs)        000000
__Lspace_1               (abs)        000000
__Lspace_2               (abs)        000000
__Lspace_4               (abs)        000000
__Lstack                 stack        000000
__Lstruct                struct       000000
__Ltemp                  temp         000009
__Ltext                  text         000000
__Ltext0                 text0        000000
__Ltext1                 text1        000000
__Ltext10                text10       000000
__Ltext2                 text2        000000
__Ltext3                 text3        000000
__Ltext4                 text4        000000
__Ltext5                 text5        000000
__Ltext6                 text6        000000
__Ltext7                 text7        000000
__Ltext8                 text8        000000
__S0                     (abs)        000368
__S1                     (abs)        00000A
__S4                     (abs)        000000
__S5                     (abs)        000000
___heap_hi               (abs)        000000
___heap_lo               (abs)        000000
___inthi_sp              stack        000000
___intlo_sp              stack        000000
___param_bank            (abs)        000000
___rparam_used           (abs)        000001
___sp                    stack        000000
__accesstop              (abs)        000060
__activetblptr           (abs)        000002
__end_of__initialization cinit        00033C
__end_of_char_to_seg     text8        000168
__end_of_delay1S         text6        000316
__end_of_high_isr        intcode      00004A
__end_of_main            text0        0002BE
__end_of_setup           text7        0002F4
__end_of_state1          text5        00033A
__end_of_state2          text4        000368
__end_of_state3          text3        00035E
__end_of_state4          text2        000328
__end_of_state5          text1        000354
__end_ofi2_char_to_seg   text10       000282
__initialization         cinit        00033A
__mediumconst            mediumconst  000000
__pbssCOMRAM             bssCOMRAM    000008
__pcinit                 cinit        00033A
__pcstackCOMRAM          cstackCOMRAM 000001
__pintcode               intcode      000008
__ptext0                 text0        000282
__ptext1                 text1        00034A
__ptext10                text10       000168
__ptext2                 text2        000316
__ptext3                 text3        000354
__ptext4                 text4        00035E
__ptext5                 text5        000328
__ptext6                 text6        0002F4
__ptext7                 text7        0002BE
__ptext8                 text8        00004E
__ramtop                 ramtop       000800
__smallconst             smallconst   000000
_char_to_seg             text8        00004E
_count                   bssCOMRAM    000008
_delay1S                 text6        0002F4
_high_isr                intcode      000008
_main                    text0        000282
_setup                   text7        0002BE
_state1                  text5        000328
_state2                  text4        00035E
_state3                  text3        000354
_state4                  text2        000316
_state5                  text1        00034A
btemp                    temp         000009
char_to_seg@num          cstackCOMRAM 000007
end_of_initialization    cinit        00033C
i2_char_to_seg           text10       000168
i2char_to_seg@num        cstackCOMRAM 000003
int$flags                temp         000009
intlevel0                text         000000
intlevel1                text         000000
intlevel2                text         000000
intlevel3                text         000000
isa$std                  (abs)        000001
isa$xinst                (abs)        000000
stackhi                  (abs)        000000
stacklo                  (abs)        000000
start                    init         00004A
start_initialization     cinit        00033A
ttemp5                   temp         00000A
ttemp6                   temp         00000D
ttemp7                   temp         000011
wtemp8                   temp         00000A


MODULE INFORMATION

Module		Function		Class		Link	Load	Size
mainP9.c
		_delay1S       		CODE           	02F4	0000	34
		_state1        		CODE           	0328	0000	18
		_state4        		CODE           	0316	0000	18
		_main          		CODE           	0282	0000	60
		_high_isr      		CODE           	0008	0000	66
		_state2        		CODE           	035E	0000	10
		_state5        		CODE           	034A	0000	10
		_setup         		CODE           	02BE	0000	54
		_state3        		CODE           	0354	0000	10
		_char_to_seg   		CODE           	004E	0000	282

mainP9.c estimated size: 562

shared
		i2_char_to_seg 		CODE           	0168	0000	282
		__initialization		CODE           	033A	0000	2

shared estimated size: 284

