Microchip MPLAB XC8 Compiler V2.36

Linker command line:

-W-3 --edf=D:\MPLABxIDE\pic\dat\en_msgs.txt -cn \
  -h+dist/default/production\P7.X.production.sym \
  --cmf=dist/default/production\P7.X.production.cmf -z -Q18F45K50 \
  -oC:\Users\jrmoh\AppData\Local\Temp\xcAsjn0.4 --defsym=__MPLAB_BUILD=1 \
  -Mdist/default/production/P7.X.production.map \
  --md=C:\Users\jrmoh\AppData\Local\Temp\xcAsjn0.dat -E1 -ver=XC8 Compiler \
  --acfsm=1493 -ACODE=00h-07FFFh -ACONST=00h-07FFFh \
  -ASMALLCONST=0800h-08FFhx120 -AMEDIUMCONST=0800h-07FFFh -ACOMRAM=01h-05Fh \
  -AABS1=00h-07FFh -ABIGRAM=01h-07FFh -ARAM=060h-0FFh,0100h-01FFhx7 \
  -ABANK0=060h-0FFh -ABANK1=0100h-01FFh -ABANK2=0200h-02FFh \
  -ABANK3=0300h-03FFh -ABANK4=0400h-04FFh -ABANK5=0500h-05FFh \
  -ABANK6=0600h-06FFh -ABANK7=0700h-07FFh -ASFR=0F53h-0F5Fh,0F60h-0FFFh \
  -ABIGSFR=0F53h-0FFFh -ACONFIG=0300000h-030000Dh -AIDLOC=0200000h-0200007h \
  -AEEDATA=0F00000h-0F000FFh -peeprom_data=EEDATA \
  -preset_vec=00h,intcode,intcodelo,powerup,init -pramtop=0800h \
  -psmallconst=SMALLCONST -pmediumconst=MEDIUMCONST -pconst=CONST \
  -AFARRAM=00h-00h \
  -prdata=COMRAM,nvrram=COMRAM,nvbit=COMRAM,rbss=COMRAM,rbit=COMRAM \
  -pfarbss=FARRAM,fardata=FARRAM,nvFARRAM=FARRAM \
  -pintsave_regs=BIGRAM,bigbss=BIGRAM,bigdata=BIGRAM -pbss=RAM \
  -pidata=CODE,irdata=CODE,ibigdata=CODE,ifardata=CODE -prparam=COMRAM \
  C:\Users\jrmoh\AppData\Local\Temp\xcAsjn0.o \
  dist/default/production\P7.X.production.o 

Object code version is 3.11

Machine type is 18F45K50



                Name                               Link     Load   Length Selector   Space Scale
C:\Users\jrmoh\AppData\Local\Temp\xcAsjn0.o
                idloc                            200000   200000        8        0       5
                config                           300000   300000        E        0       4
                init                                  0        0        4        0       0
dist/default/production\P7.X.production.o
                idloc                            200000   200000        8        0       5
                config                           300000   300000        E        0       4
                smallconst                          800      800       32      400       0
                text13                             1066     1066       14      419       0
                text12                              EBC      EBC       6A      419       0
                text11                             102A     102A       26      419       0
                text10                              D12      D12       C4      419       0
                text9                              1000     1000       2A      419       0
                text8                               FCA      FCA       36      419       0
                text7                               E52      E52       6A      419       0
                text6                               F26      F26       68      419       0
                text5                               DD6      DD6       7C      419       0
                text4                               832      832      210      419       0
                text3                               F8E      F8E       3C      419       0
                text2                               BF6      BF6      11C      419       0
                text1                              107A     107A       12      419       0
                text0                               A42      A42      1B4      419       0
                cstackCOMRAM                          1        1       14        1       1
                bssCOMRAM                            15       15        6        1       1
                cinit                              1050     1050       16      419       0

TOTAL           Name                               Link     Load   Length     Space
        CLASS   CODE           
                init                                  0        0        4         0
                text13                             1066     1066       14         0
                text12                              EBC      EBC       6A         0
                text11                             102A     102A       26         0
                text10                              D12      D12       C4         0
                text9                              1000     1000       2A         0
                text8                               FCA      FCA       36         0
                text7                               E52      E52       6A         0
                text6                               F26      F26       68         0
                text5                               DD6      DD6       7C         0
                text4                               832      832      210         0
                text3                               F8E      F8E       3C         0
                text2                               BF6      BF6      11C         0
                text1                              107A     107A       12         0
                text0                               A42      A42      1B4         0
                cinit                              1050     1050       16         0

        CLASS   CONST          

        CLASS   SMALLCONST     
                smallconst                          800      800       32         0

        CLASS   MEDIUMCONST    

        CLASS   COMRAM         
                cstackCOMRAM                          1        1       14         1
                bssCOMRAM                            15       15        6         1

        CLASS   ABS1           

        CLASS   BIGRAM         

        CLASS   RAM            

        CLASS   BANK0          

        CLASS   BANK1          

        CLASS   BANK2          

        CLASS   BANK3          

        CLASS   BANK4          

        CLASS   BANK5          

        CLASS   BANK6          

        CLASS   BANK7          

        CLASS   SFR            

        CLASS   BIGSFR         

        CLASS   CONFIG         
                config                           300000   300000        E         4

        CLASS   IDLOC          
                idloc                            200000   200000        8         5

        CLASS   EEDATA         

        CLASS   FARRAM         

        CLASS   HEAP           

        CLASS   STACK          



SEGMENTS        Name                           Load    Length   Top    Selector   Space  Class

                reset_vec                      000000  000004  000004         0       0  CODE    
                cstackCOMRAM                   000001  00001A  00001B         1       1  COMRAM  
                smallconst                     000800  000032  000832       400       0  SMALLCON
                text4                          000832  00085A  00108C       419       0  CODE    


UNUSED ADDRESS RANGES

        Name                Unused          Largest block    Delta
        BANK0            000060-0000FF               A0
        BANK1            000100-0001FF              100
        BANK2            000200-0002FF              100
        BANK3            000300-0003FF              100
        BANK4            000400-0004FF              100
        BANK5            000500-0005FF              100
        BANK6            000600-0006FF              100
        BANK7            000700-0007FF              100
        BIGRAM           00001B-0007FF              7E5
        BIGSFR           000F53-000FFF               AD
        CODE             000004-0007FF              7FC
                         00108C-007FFF             6F74
        COMRAM           00001B-00005F               45
        CONST            000004-0007FF              7FC
                         00108C-007FFF             6F74
        EEDATA           F00000-F000FF              100
        MEDIUMCONST      00108C-007FFF             6F74
        RAM              000060-0007FF              100
        SFR              000F53-000FFF                D
        SMALLCONST       00108C-007FFF              100

                                  Symbol Table

?___awdiv                 cstackCOMRAM 000001
?___wmul                  cstackCOMRAM 000001
?_get_Num                 cstackCOMRAM 00000A
LCD_cmd@cx                cstackCOMRAM 000001
_ANSELB                   (abs)        000F5C
_INTCON2bits              (abs)        000FF1
_LATB                     (abs)        000F8A
_LATC                     (abs)        000F8B
_LATCbits                 (abs)        000F8B
_LATD                     (abs)        000F8C
_LCD_cmd                  text13       001066
_LCD_init                 text12       000EBC
_OSCCON                   (abs)        000FD3
_PORTB                    (abs)        000F81
_TRISB                    (abs)        000F93
_TRISCbits                (abs)        000F94
_TRISD                    (abs)        000F95
_WPUB                     (abs)        000F85
__HRAM                    (abs)        000000
__Habs1                   abs1         000000
__Hbank0                  bank0        000000
__Hbank1                  bank1        000000
__Hbank2                  bank2        000000
__Hbank3                  bank3        000000
__Hbank4                  bank4        000000
__Hbank5                  bank5        000000
__Hbank6                  bank6        000000
__Hbank7                  bank7        000000
__Hbigbss                 bigbss       000000
__Hbigdata                bigdata      000000
__Hbigram                 bigram       000000
__Hbigsfr                 bigsfr       000000
__Hbss                    bss          000000
__HbssCOMRAM              bssCOMRAM    000000
__Hcinit                  cinit        000000
__Hclrtext                clrtext      000000
__Hcomram                 comram       000000
__Hconfig                 config       30000E
__Hconst                  const        000000
__HcstackCOMRAM           cstackCOMRAM 000000
__Hdata                   data         000000
__Heeprom_data            eeprom_data  000000
__Hfarbss                 farbss       000000
__Hfardata                fardata      000000
__Hheap                   heap         000000
__Hibigdata               ibigdata     000000
__Hidata                  idata        000000
__Hidloc                  idloc        200008
__Hifardata               ifardata     000000
__Hinit                   init         000004
__Hintcode                intcode      000000
__Hintcode_body           intcode_body 000000
__Hintcodelo              intcodelo    000000
__Hintentry               intentry     000000
__Hintret                 intret       000000
__Hintsave_regs           intsave_regs 000000
__Hirdata                 irdata       000000
__Hmediumconst            mediumconst  000000
__HnvFARRAM               nvFARRAM     000000
__Hnvbit                  nvbit        000000
__Hnvrram                 nvrram       000000
__Hparam                  rparam       000000
__Hpowerup                powerup      000000
__Hram                    ram          000000
__Hramtop                 ramtop       000800
__Hrbit                   rbit         000000
__Hrbss                   rbss         000000
__Hrdata                  rdata        000000
__Hreset_vec              reset_vec    000000
__Hrparam                 rparam       000000
__Hsfr                    sfr          000000
__Hsmallconst             smallconst   000832
__Hspace_0                (abs)        00108C
__Hspace_1                (abs)        00001B
__Hspace_2                (abs)        000000
__Hspace_4                (abs)        60000E
__Hstack                  stack        000000
__Hstruct                 struct       000000
__Htemp                   temp         000000
__Htext                   text         000000
__Htext0                  text0        000000
__Htext1                  text1        000000
__Htext10                 text10       000000
__Htext11                 text11       000000
__Htext12                 text12       000000
__Htext13                 text13       000000
__Htext2                  text2        000000
__Htext3                  text3        000000
__Htext4                  text4        000000
__Htext5                  text5        000000
__Htext6                  text6        000000
__Htext7                  text7        000000
__Htext8                  text8        000000
__Htext9                  text9        000000
__LRAM                    (abs)        000001
__Labs1                   abs1         000000
__Lbank0                  bank0        000000
__Lbank1                  bank1        000000
__Lbank2                  bank2        000000
__Lbank3                  bank3        000000
__Lbank4                  bank4        000000
__Lbank5                  bank5        000000
__Lbank6                  bank6        000000
__Lbank7                  bank7        000000
__Lbigbss                 bigbss       000000
__Lbigdata                bigdata      000000
__Lbigram                 bigram       000000
__Lbigsfr                 bigsfr       000000
__Lbss                    bss          000000
__LbssCOMRAM              bssCOMRAM    000000
__Lcinit                  cinit        000000
__Lclrtext                clrtext      000000
__Lcomram                 comram       000000
__Lconfig                 config       000000
__Lconst                  const        000000
__LcstackCOMRAM           cstackCOMRAM 000000
__Ldata                   data         000000
__Leeprom_data            eeprom_data  000000
__Lfarbss                 farbss       000000
__Lfardata                fardata      000000
__Lheap                   heap         000000
__Libigdata               ibigdata     000000
__Lidata                  idata        000000
__Lidloc                  idloc        000000
__Lifardata               ifardata     000000
__Linit                   init         000000
__Lintcode                intcode      000000
__Lintcode_body           intcode_body 000000
__Lintcodelo              intcodelo    000000
__Lintentry               intentry     000000
__Lintret                 intret       000000
__Lintsave_regs           intsave_regs 000000
__Lirdata                 irdata       000000
__Lmediumconst            mediumconst  000000
__LnvFARRAM               nvFARRAM     000000
__Lnvbit                  nvbit        000000
__Lnvrram                 nvrram       000000
__Lparam                  rparam       000000
__Lpowerup                powerup      000000
__Lram                    ram          000000
__Lramtop                 ramtop       000800
__Lrbit                   rbit         000000
__Lrbss                   rbss         000000
__Lrdata                  rdata        000000
__Lreset_vec              reset_vec    000000
__Lrparam                 rparam       000000
__Lsfr                    sfr          000000
__Lsmallconst             smallconst   000800
__Lspace_0                (abs)        000000
__Lspace_1                (abs)        000000
__Lspace_2                (abs)        000000
__Lspace_4                (abs)        000000
__Lstack                  stack        000000
__Lstruct                 struct       000000
__Ltemp                   temp         000000
__Ltext                   text         000000
__Ltext0                  text0        000000
__Ltext1                  text1        000000
__Ltext10                 text10       000000
__Ltext11                 text11       000000
__Ltext12                 text12       000000
__Ltext13                 text13       000000
__Ltext2                  text2        000000
__Ltext3                  text3        000000
__Ltext4                  text4        000000
__Ltext5                  text5        000000
__Ltext6                  text6        000000
__Ltext7                  text7        000000
__Ltext8                  text8        000000
__Ltext9                  text9        000000
__S0                      (abs)        00108C
__S1                      (abs)        00001B
__S4                      (abs)        000000
__S5                      (abs)        000000
___awdiv                  text10       000D12
___awdiv@counter          cstackCOMRAM 000005
___awdiv@dividend         cstackCOMRAM 000001
___awdiv@divisor          cstackCOMRAM 000003
___awdiv@quotient         cstackCOMRAM 000007
___awdiv@sign             cstackCOMRAM 000006
___heap_hi                (abs)        000000
___heap_lo                (abs)        000000
___inthi_sp               stack        000000
___intlo_sp               stack        000000
___param_bank             (abs)        000000
___rparam_used            (abs)        000001
___sp                     stack        000000
___wmul                   text11       00102A
___wmul@multiplicand      cstackCOMRAM 000003
___wmul@multiplier        cstackCOMRAM 000001
___wmul@product           cstackCOMRAM 000005
__accesstop               (abs)        000060
__activetblptr            (abs)        000002
__end_of_LCD_cmd          text13       00107A
__end_of_LCD_init         text12       000F26
__end_of___awdiv          text10       000DD6
__end_of___wmul           text11       001050
__end_of__initialization  cinit        00105C
__end_of_disp_Error       text6        000F8E
__end_of_disp_Res         text7        000EBC
__end_of_get_Func         text5        000E52
__end_of_get_Key          text3        000FCA
__end_of_get_Num          text2        000D12
__end_of_kbdMatrix        smallconst   000811
__end_of_kbd_init         text1        00108C
__end_of_kbd_scanner      text4        000A42
__end_of_main             text0        000BF6
__end_of_send_to_LCD      text9        00102A
__end_of_write_string_LCD text8        001000
__initialization          cinit        001050
__mediumconst             mediumconst  000000
__pbssCOMRAM              bssCOMRAM    000015
__pcinit                  cinit        001050
__pcstackCOMRAM           cstackCOMRAM 000001
__psmallconst             smallconst   000800
__ptext0                  text0        000A42
__ptext1                  text1        00107A
__ptext10                 text10       000D12
__ptext11                 text11       00102A
__ptext12                 text12       000EBC
__ptext13                 text13       001066
__ptext2                  text2        000BF6
__ptext3                  text3        000F8E
__ptext4                  text4        000832
__ptext5                  text5        000DD6
__ptext6                  text6        000F26
__ptext7                  text7        000E52
__ptext8                  text8        000FCA
__ptext9                  text9        001000
__ramtop                  ramtop       000800
__smallconst              smallconst   000800
_disp_Error               text6        000F26
_disp_Res                 text7        000E52
_get_Func                 text5        000DD6
_get_Key                  text3        000F8E
_get_Num                  text2        000BF6
_kbdMatrix                smallconst   000801
_kbd_init                 text1        00107A
_kbd_scanner              text4        000832
_key                      bssCOMRAM    00001A
_main                     text0        000A42
_main$876                 cstackCOMRAM 000013
_num1                     bssCOMRAM    000017
_num2                     bssCOMRAM    000015
_oper                     bssCOMRAM    000019
_send_to_LCD              text9        001000
_write_string_LCD         text8        000FCA
disp_Error@numb           cstackCOMRAM 000006
disp_Res@TenthDigit       cstackCOMRAM 00000C
disp_Res@UnitDigit        cstackCOMRAM 00000B
disp_Res@numb             cstackCOMRAM 000009
end_of_initialization     cinit        00105C
get_Func@chf              cstackCOMRAM 00000A
get_Num@ch                cstackCOMRAM 00000E
get_Num@num               cstackCOMRAM 00000F
intlevel0                 text         000000
intlevel1                 text         000000
intlevel2                 text         000000
intlevel3                 text         000000
isa$std                   (abs)        000001
isa$xinst                 (abs)        000000
send_to_LCD@xy            cstackCOMRAM 000003
stackhi                   (abs)        000000
stacklo                   (abs)        000000
start                     init         000000
start_initialization      cinit        001050
write_string_LCD@s        cstackCOMRAM 000004


MODULE INFORMATION

Module		Function		Class		Link	Load	Size
D:\MPLABxIDE\pic\sources\c99\common\Umul16.c
		___wmul        		CODE           	102A	0000	38

D:\MPLABxIDE\pic\sources\c99\common\Umul16.c estimated size: 38

D:\MPLABxIDE\pic\sources\c99\common\awdiv.c
		___awdiv       		CODE           	0D12	0000	196

D:\MPLABxIDE\pic\sources\c99\common\awdiv.c estimated size: 196

mainP7.c
		_disp_Res      		CODE           	0E52	0000	106
		_get_Num       		CODE           	0BF6	0000	284
		_main          		CODE           	0A42	0000	436
		_get_Func      		CODE           	0DD6	0000	124
		_disp_Error    		CODE           	0F26	0000	104

mainP7.c estimated size: 1054

LCD_disp_Driver.c
		_write_string_LCD		CODE           	0FCA	0000	54
		_send_to_LCD   		CODE           	1000	0000	42
		_LCD_init      		CODE           	0EBC	0000	106
		_LCD_cmd       		CODE           	1066	0000	20

LCD_disp_Driver.c estimated size: 222

4x4_kbd_Driver.c
		_get_Key       		CODE           	0F8E	0000	60
		_kbd_scanner   		CODE           	0832	0000	528
		_kbd_init      		CODE           	107A	0000	18

4x4_kbd_Driver.c estimated size: 606

shared
		_kbdMatrix     		SMALLCONST     	0801	0000	16
		__initialization		CODE           	1050	0000	12

shared estimated size: 28

