Microchip MPLAB XC8 Compiler V2.36

Linker command line:

-W-3 --edf=D:\MPLABxIDE\pic\dat\en_msgs.txt -cn \
  -h+dist/default/production\P6.X.production.sym \
  --cmf=dist/default/production\P6.X.production.cmf -z -Q18F45K50 \
  -oC:\Users\jrmoh\AppData\Local\Temp\xcAsakg.4 --defsym=__MPLAB_BUILD=1 \
  -Mdist/default/production/P6.X.production.map \
  --md=C:\Users\jrmoh\AppData\Local\Temp\xcAsakg.dat -E1 -ver=XC8 Compiler \
  --acfsm=1493 -ACODE=00h-07FFFh -ACONST=00h-07FFFh \
  -ASMALLCONST=0800h-08FFhx120 -AMEDIUMCONST=0800h-07FFFh -ACOMRAM=01h-05Fh \
  -AABS1=00h-07FFh -ABIGRAM=01h-07FFh -ARAM=060h-0FFh,0100h-01FFhx7 \
  -ABANK0=060h-0FFh -ABANK1=0100h-01FFh -ABANK2=0200h-02FFh \
  -ABANK3=0300h-03FFh -ABANK4=0400h-04FFh -ABANK5=0500h-05FFh \
  -ABANK6=0600h-06FFh -ABANK7=0700h-07FFh -ASFR=0F53h-0F5Fh,0F60h-0FFFh \
  -ABIGSFR=0F53h-0FFFh -ACONFIG=0300000h-030000Dh -AIDLOC=0200000h-0200007h \
  -AEEDATA=0F00000h-0F000FFh -peeprom_data=EEDATA \
  -preset_vec=00h,intcode,intcodelo,powerup,init -pramtop=0800h \
  -psmallconst=SMALLCONST -pmediumconst=MEDIUMCONST -pconst=CONST \
  -AFARRAM=00h-00h \
  -prdata=COMRAM,nvrram=COMRAM,nvbit=COMRAM,rbss=COMRAM,rbit=COMRAM \
  -pfarbss=FARRAM,fardata=FARRAM,nvFARRAM=FARRAM \
  -pintsave_regs=BIGRAM,bigbss=BIGRAM,bigdata=BIGRAM -pbss=RAM \
  -pidata=CODE,irdata=CODE,ibigdata=CODE,ifardata=CODE -prparam=COMRAM \
  C:\Users\jrmoh\AppData\Local\Temp\xcAsakg.o \
  dist/default/production\P6.X.production.o 

Object code version is 3.11

Machine type is 18F45K50



                Name                               Link     Load   Length Selector   Space Scale
C:\Users\jrmoh\AppData\Local\Temp\xcAsakg.o
                idloc                            200000   200000        8        0       5
                config                           300000   300000        E        0       4
                init                                  0        0        4        0       0
dist/default/production\P6.X.production.o
                idloc                            200000   200000        8        0       5
                config                           300000   300000        E        0       4
                smallconst                          800      800       80      400       0
                text17                             42B8     42B8      24E      440       0
                text16                             4EC4     4EC4       26      440       0
                text15                             4A1A     4A1A      108      440       0
                text14                             48EE     48EE      12C      440       0
                text13                             3F1E     3F1E      39A      440       0
                text12                             4E58     4E58       38      440       0
                text11                             3634     3634      4C0      440       0
                text10                             4D94     4D94       46      440       0
                text9                              473A     473A      1B4      440       0
                text8                              4E90     4E90       34      440       0
                text7                              3AF4     3AF4      42A      440       0
                text6                              4506     4506      234      440       0
                text5                              4B22     4B22      104      440       0
                text4                              4EEA     4EEA       22      440       0
                text3                              3174     3174      4C0      440       0
                text2                               880      880     28F4      440       0
                text1                              4C26     4C26       DA      440       0
                text0                              4D00     4D00       94      440       0
                cstackCOMRAM                          1        1       5D        1       1
                cstackBANK0                          A4       A4       42       60       1
                cstackBANK1                         100      100       BC      100       1
                dataBANK0                            60       60       44       60       1
                bssBANK0                             E6       E6        8       60       1
                bssCOMRAM                            5E       5E        2        1       1
                cinit                              4E1E     4E1E       3A      440       0
                idataBANK0                         4DDA     4DDA       44      440       0

TOTAL           Name                               Link     Load   Length     Space
        CLASS   CODE           
                init                                  0        0        4         0
                text17                             42B8     42B8      24E         0
                text16                             4EC4     4EC4       26         0
                text15                             4A1A     4A1A      108         0
                text14                             48EE     48EE      12C         0
                text13                             3F1E     3F1E      39A         0
                text12                             4E58     4E58       38         0
                text11                             3634     3634      4C0         0
                text10                             4D94     4D94       46         0
                text9                              473A     473A      1B4         0
                text8                              4E90     4E90       34         0
                text7                              3AF4     3AF4      42A         0
                text6                              4506     4506      234         0
                text5                              4B22     4B22      104         0
                text4                              4EEA     4EEA       22         0
                text3                              3174     3174      4C0         0
                text2                               880      880     28F4         0
                text1                              4C26     4C26       DA         0
                text0                              4D00     4D00       94         0
                cinit                              4E1E     4E1E       3A         0
                idataBANK0                         4DDA     4DDA       44         0

        CLASS   CONST          

        CLASS   SMALLCONST     
                smallconst                          800      800       80         0

        CLASS   MEDIUMCONST    

        CLASS   COMRAM         
                cstackCOMRAM                          1        1       5D         1
                bssCOMRAM                            5E       5E        2         1

        CLASS   ABS1           

        CLASS   BIGRAM         

        CLASS   RAM            

        CLASS   BANK0          
                cstackBANK0                          A4       A4       42         1
                dataBANK0                            60       60       44         1
                bssBANK0                             E6       E6        8         1

        CLASS   BANK1          
                cstackBANK1                         100      100       BC         1

        CLASS   BANK2          

        CLASS   BANK3          

        CLASS   BANK4          

        CLASS   BANK5          

        CLASS   BANK6          

        CLASS   BANK7          

        CLASS   SFR            

        CLASS   BIGSFR         

        CLASS   CONFIG         
                config                           300000   300000        E         4

        CLASS   IDLOC          
                idloc                            200000   200000        8         5

        CLASS   EEDATA         

        CLASS   FARRAM         

        CLASS   HEAP           

        CLASS   STACK          



SEGMENTS        Name                           Load    Length   Top    Selector   Space  Class

                reset_vec                      000000  000004  000004         0       0  CODE    
                cstackCOMRAM                   000001  00005F  000060         1       1  COMRAM  
                dataBANK0                      000060  00008E  0000EE        60       1  BANK0   
                cstackBANK1                    000100  0000BC  0001BC       100       1  BANK1   
                smallconst                     000800  000080  000880       400       0  SMALLCON
                text2                          000880  00468C  004F0C       440       0  CODE    


UNUSED ADDRESS RANGES

        Name                Unused          Largest block    Delta
        BANK0            0000EE-0000FF               12
        BANK1            0001BC-0001FF               44
        BANK2            000200-0002FF              100
        BANK3            000300-0003FF              100
        BANK4            000400-0004FF              100
        BANK5            000500-0005FF              100
        BANK6            000600-0006FF              100
        BANK7            000700-0007FF              100
        BIGRAM           0000EE-0000FF               12
                         0001BC-0007FF              644
        BIGSFR           000F53-000FFF               AD
        CODE             000004-0007FF              7FC
                         004F0C-007FFF             30F4
        CONST            000004-0007FF              7FC
                         004F0C-007FFF             30F4
        EEDATA           F00000-F000FF              100
        MEDIUMCONST      004F0C-007FFF             30F4
        RAM              0000EE-0000FF               12
                         0001BC-0007FF              100
        SFR              000F53-000FFF                D
        SMALLCONST       004F0C-007FFF              100

                                  Symbol Table

?___fladd                   cstackCOMRAM 000001
?___fldiv                   cstackCOMRAM 000032
?___flmul                   cstackCOMRAM 000011
?___flneg                   cstackCOMRAM 000001
?___flsub                   cstackCOMRAM 00002A
?___fltol                   cstackBANK0  0000D0
?___xxtofl                  cstackCOMRAM 000001
?_fabsf                     cstackCOMRAM 000001
?_nanf                      cstackCOMRAM 000001
?_powf                      cstackBANK0  0000C8
?_scalbnf                   cstackCOMRAM 00002A
?_sqrtf                     cstackCOMRAM 00003E
_ANSELA                     (abs)        000F5B
_ANSELB                     (abs)        000F5C
_ANSELD                     (abs)        000F5E
_INTCON2bits                (abs)        000FF1
_LATA                       (abs)        000F89
_LATB                       (abs)        000F8A
_LATD                       (abs)        000F8C
_OSCCON                     (abs)        000FD3
_PORTB                      (abs)        000F81
_TRISA                      (abs)        000F92
_TRISB                      (abs)        000F93
_TRISD                      (abs)        000F95
_WPUB                       (abs)        000F85
__HRAM                      (abs)        000000
__Habs1                     abs1         000000
__Hbank0                    bank0        000000
__Hbank1                    bank1        000000
__Hbank2                    bank2        000000
__Hbank3                    bank3        000000
__Hbank4                    bank4        000000
__Hbank5                    bank5        000000
__Hbank6                    bank6        000000
__Hbank7                    bank7        000000
__Hbigbss                   bigbss       000000
__Hbigdata                  bigdata      000000
__Hbigram                   bigram       000000
__Hbigsfr                   bigsfr       000000
__Hbss                      bss          000000
__HbssBANK0                 bssBANK0     000000
__HbssCOMRAM                bssCOMRAM    000000
__Hcinit                    cinit        000000
__Hclrtext                  clrtext      000000
__Hcomram                   comram       000000
__Hconfig                   config       30000E
__Hconst                    const        000000
__HcstackBANK0              cstackBANK0  000000
__HcstackBANK1              cstackBANK1  000000
__HcstackCOMRAM             cstackCOMRAM 000000
__Hdata                     data         000000
__HdataBANK0                dataBANK0    000000
__Heeprom_data              eeprom_data  000000
__Hfarbss                   farbss       000000
__Hfardata                  fardata      000000
__Hheap                     heap         000000
__Hibigdata                 ibigdata     000000
__Hidata                    idata        000000
__HidataBANK0               idataBANK0   000000
__Hidloc                    idloc        200008
__Hifardata                 ifardata     000000
__Hinit                     init         000004
__Hintcode                  intcode      000000
__Hintcode_body             intcode_body 000000
__Hintcodelo                intcodelo    000000
__Hintentry                 intentry     000000
__Hintret                   intret       000000
__Hintsave_regs             intsave_regs 000000
__Hirdata                   irdata       000000
__Hmediumconst              mediumconst  000000
__HnvFARRAM                 nvFARRAM     000000
__Hnvbit                    nvbit        000000
__Hnvrram                   nvrram       000000
__Hparam                    rparam       000000
__Hpowerup                  powerup      000000
__Hram                      ram          000000
__Hramtop                   ramtop       000800
__Hrbit                     rbit         000000
__Hrbss                     rbss         000000
__Hrdata                    rdata        000000
__Hreset_vec                reset_vec    000000
__Hrparam                   rparam       000000
__Hsfr                      sfr          000000
__Hsmallconst               smallconst   000880
__Hspace_0                  (abs)        004F0C
__Hspace_1                  (abs)        0001BC
__Hspace_2                  (abs)        000000
__Hspace_4                  (abs)        60000E
__Hstack                    stack        000000
__Hstruct                   struct       000000
__Htemp                     temp         000000
__Htext                     text         000000
__Htext0                    text0        000000
__Htext1                    text1        000000
__Htext10                   text10       000000
__Htext11                   text11       000000
__Htext12                   text12       000000
__Htext13                   text13       000000
__Htext14                   text14       000000
__Htext15                   text15       000000
__Htext16                   text16       000000
__Htext17                   text17       000000
__Htext2                    text2        000000
__Htext3                    text3        000000
__Htext4                    text4        000000
__Htext5                    text5        000000
__Htext6                    text6        000000
__Htext7                    text7        000000
__Htext8                    text8        000000
__Htext9                    text9        000000
__LRAM                      (abs)        000001
__Labs1                     abs1         000000
__Lbank0                    bank0        000000
__Lbank1                    bank1        000000
__Lbank2                    bank2        000000
__Lbank3                    bank3        000000
__Lbank4                    bank4        000000
__Lbank5                    bank5        000000
__Lbank6                    bank6        000000
__Lbank7                    bank7        000000
__Lbigbss                   bigbss       000000
__Lbigdata                  bigdata      000000
__Lbigram                   bigram       000000
__Lbigsfr                   bigsfr       000000
__Lbss                      bss          000000
__LbssBANK0                 bssBANK0     000000
__LbssCOMRAM                bssCOMRAM    000000
__Lcinit                    cinit        000000
__Lclrtext                  clrtext      000000
__Lcomram                   comram       000000
__Lconfig                   config       000000
__Lconst                    const        000000
__LcstackBANK0              cstackBANK0  000000
__LcstackBANK1              cstackBANK1  000000
__LcstackCOMRAM             cstackCOMRAM 000000
__Ldata                     data         000000
__LdataBANK0                dataBANK0    000000
__Leeprom_data              eeprom_data  000000
__Lfarbss                   farbss       000000
__Lfardata                  fardata      000000
__Lheap                     heap         000000
__Libigdata                 ibigdata     000000
__Lidata                    idata        000000
__LidataBANK0               idataBANK0   000000
__Lidloc                    idloc        000000
__Lifardata                 ifardata     000000
__Linit                     init         000000
__Lintcode                  intcode      000000
__Lintcode_body             intcode_body 000000
__Lintcodelo                intcodelo    000000
__Lintentry                 intentry     000000
__Lintret                   intret       000000
__Lintsave_regs             intsave_regs 000000
__Lirdata                   irdata       000000
__Lmediumconst              mediumconst  000000
__LnvFARRAM                 nvFARRAM     000000
__Lnvbit                    nvbit        000000
__Lnvrram                   nvrram       000000
__Lparam                    rparam       000000
__Lpowerup                  powerup      000000
__Lram                      ram          000000
__Lramtop                   ramtop       000800
__Lrbit                     rbit         000000
__Lrbss                     rbss         000000
__Lrdata                    rdata        000000
__Lreset_vec                reset_vec    000000
__Lrparam                   rparam       000000
__Lsfr                      sfr          000000
__Lsmallconst               smallconst   000800
__Lspace_0                  (abs)        000000
__Lspace_1                  (abs)        000000
__Lspace_2                  (abs)        000000
__Lspace_4                  (abs)        000000
__Lstack                    stack        000000
__Lstruct                   struct       000000
__Ltemp                     temp         000000
__Ltext                     text         000000
__Ltext0                    text0        000000
__Ltext1                    text1        000000
__Ltext10                   text10       000000
__Ltext11                   text11       000000
__Ltext12                   text12       000000
__Ltext13                   text13       000000
__Ltext14                   text14       000000
__Ltext15                   text15       000000
__Ltext16                   text16       000000
__Ltext17                   text17       000000
__Ltext2                    text2        000000
__Ltext3                    text3        000000
__Ltext4                    text4        000000
__Ltext5                    text5        000000
__Ltext6                    text6        000000
__Ltext7                    text7        000000
__Ltext8                    text8        000000
__Ltext9                    text9        000000
__S0                        (abs)        004F0C
__S1                        (abs)        0001BC
__S4                        (abs)        000000
__S5                        (abs)        000000
___fladd                    text11       003634
___fladd@a                  cstackCOMRAM 000005
___fladd@aexp               cstackCOMRAM 00000E
___fladd@b                  cstackCOMRAM 000001
___fladd@bexp               cstackCOMRAM 00000F
___fladd@grs                cstackCOMRAM 000010
___fladd@signs              cstackCOMRAM 00000D
___fldiv                    text13       003F1E
___fldiv@a                  cstackCOMRAM 000036
___fldiv@aexp               cstackCOMRAM 00004A
___fldiv@b                  cstackCOMRAM 000032
___fldiv@bexp               cstackCOMRAM 000049
___fldiv@grs                cstackCOMRAM 000045
___fldiv@new_exp            cstackCOMRAM 000043
___fldiv@rem                cstackCOMRAM 00003E
___fldiv@sign               cstackCOMRAM 000042
___flge                     text5        004B22
___flge@ff1                 cstackCOMRAM 000032
___flge@ff2                 cstackCOMRAM 000036
___flmul                    text7        003AF4
___flmul@a                  cstackCOMRAM 000015
___flmul@aexp               cstackCOMRAM 000022
___flmul@b                  cstackCOMRAM 000011
___flmul@bexp               cstackCOMRAM 000023
___flmul@grs                cstackCOMRAM 00001E
___flmul@prod               cstackCOMRAM 000024
___flmul@sign               cstackCOMRAM 00001D
___flmul@temp               cstackCOMRAM 000028
___flneg                    text12       004E58
___flneg@f1                 cstackCOMRAM 000001
___flsub                    text10       004D94
___flsub@a                  cstackCOMRAM 00002E
___flsub@b                  cstackCOMRAM 00002A
___fltol                    text15       004A1A
___fltol@exp1               cstackCOMRAM 000059
___fltol@f1                 cstackBANK0  0000D0
___fltol@sign1              cstackCOMRAM 000058
___heap_hi                  (abs)        000000
___heap_lo                  (abs)        000000
___inthi_sp                 stack        000000
___intlo_sp                 stack        000000
___param_bank               (abs)        000000
___rparam_used              (abs)        000001
___sp                       stack        000000
___xxtofl                   text9        00473A
___xxtofl@arg               cstackCOMRAM 00000B
___xxtofl@exp               cstackCOMRAM 00000A
___xxtofl@sign              cstackCOMRAM 000009
___xxtofl@val               cstackCOMRAM 000001
__accesstop                 (abs)        000060
__activetblptr              (abs)        000002
__end_of_L1                 smallconst   00085D
__end_of_L2                 smallconst   000859
__end_of_L3                 smallconst   000855
__end_of_L4                 smallconst   000851
__end_of_L5                 smallconst   00084D
__end_of_L6                 smallconst   000849
__end_of_P1                 smallconst   000845
__end_of_P2                 smallconst   000841
__end_of_P3                 smallconst   00083D
__end_of_P4                 smallconst   000839
__end_of_P5                 smallconst   000835
__end_of___fladd            text11       003AF4
__end_of___fldiv            text13       0042B8
__end_of___flge             text5        004C26
__end_of___flmul            text7        003F1E
__end_of___flneg            text12       004E90
__end_of___flsub            text10       004DDA
__end_of___fltol            text15       004B22
__end_of___xxtofl           text9        0048EE
__end_of__initialization    cinit        004E4E
__end_of_bp                 smallconst   000871
__end_of_char_to_seg        text14       004A1A
__end_of_cp                 smallconst   000821
__end_of_cp_h               smallconst   00087D
__end_of_cp_l               smallconst   000879
__end_of_dp_h               smallconst   000811
__end_of_dp_l               smallconst   000809
__end_of_fabsf              text8        004EC4
__end_of_huge               smallconst   000865
__end_of_ivln2              smallconst   00081D
__end_of_ivln2_h            smallconst   000875
__end_of_ivln2_l            smallconst   000819
__end_of_key_scanner        text17       004506
__end_of_lg2                smallconst   000831
__end_of_lg2_h              smallconst   00082D
__end_of_lg2_l              smallconst   000829
__end_of_main               text0        004D94
__end_of_nanf               text4        004F0C
__end_of_ovt                smallconst   000825
__end_of_portsInit          text16       004EEA
__end_of_powf               text2        003174
__end_of_scalbnf            text6        00473A
__end_of_send_to_disp       text1        004D00
__end_of_sqrtf              text3        003634
__end_of_tiny               smallconst   000861
__end_of_tiny@sqrtf$F686    smallconst   000815
__end_of_two24              smallconst   000869
__initialization            cinit        004E1E
__mediumconst               mediumconst  000000
__pbssBANK0                 bssBANK0     0000E6
__pbssCOMRAM                bssCOMRAM    00005E
__pcinit                    cinit        004E1E
__pcstackBANK0              cstackBANK0  0000A4
__pcstackBANK1              cstackBANK1  000100
__pcstackCOMRAM             cstackCOMRAM 000001
__pdataBANK0                dataBANK0    000060
__pidataBANK0               idataBANK0   004DDA
__psmallconst               smallconst   000800
__ptext0                    text0        004D00
__ptext1                    text1        004C26
__ptext10                   text10       004D94
__ptext11                   text11       003634
__ptext12                   text12       004E58
__ptext13                   text13       003F1E
__ptext14                   text14       0048EE
__ptext15                   text15       004A1A
__ptext16                   text16       004EC4
__ptext17                   text17       0042B8
__ptext2                    text2        000880
__ptext3                    text3        003174
__ptext4                    text4        004EEA
__ptext5                    text5        004B22
__ptext6                    text6        004506
__ptext7                    text7        003AF4
__ptext8                    text8        004E90
__ptext9                    text9        00473A
__ramtop                    ramtop       000800
__smallconst                smallconst   000800
_bp                         smallconst   000869
_char_to_seg                text14       0048EE
_curr_num                   dataBANK0    0000A0
_dp_h                       smallconst   000809
_dp_l                       smallconst   000801
_errno                      bssCOMRAM    00005E
_fabsf                      text8        004E90
_kbdMatrix                  dataBANK0    000060
_key_scanner                text17       0042B8
_main                       text0        004D00
_nanf                       text4        004EEA
_new_num                    bssBANK0     0000EA
_portsInit                  text16       004EC4
_powf                       text2        000880
_powf$881                   cstackBANK1  0001A4
_powf$882                   cstackBANK1  000154
_powf$883                   cstackBANK1  000148
_powf$884                   cstackBANK1  000194
_powf$885                   cstackBANK1  000138
_powf$886                   cstackBANK1  000100
_powf$887                   cstackBANK1  000104
_powf$888                   cstackBANK1  000158
_powf$889                   cstackBANK1  00013C
_powf$890                   cstackBANK1  000140
_powf$891                   cstackBANK1  000108
_powf$892                   cstackBANK1  00010C
_powf$893                   cstackBANK1  000110
_powf$894                   cstackBANK1  000114
_powf$895                   cstackBANK1  000118
_scalbnf                    text6        004506
_send_to_disp               text1        004C26
_send_to_disp$880           cstackBANK0  0000D8
_sqrtf                      text3        003174
char_to_seg@num             cstackCOMRAM 000003
char_to_seg@segments        cstackCOMRAM 000004
end_of_initialization       cinit        004E4E
fabsf@F465                  bssBANK0     0000E6
fabsf@u                     cstackCOMRAM 000005
fabsf@x                     cstackCOMRAM 000001
intlevel0                   text         000000
intlevel1                   text         000000
intlevel2                   text         000000
intlevel3                   text         000000
isa$std                     (abs)        000001
isa$xinst                   (abs)        000000
nanf@s                      cstackCOMRAM 000001
nanf@u                      cstackCOMRAM 000005
powf@__xc8_float_word       cstackBANK1  0001B8
powf@ax                     cstackBANK1  000170
powf@hx                     cstackBANK1  000160
powf@hy                     cstackBANK1  000184
powf@i                      cstackBANK1  00012C
powf@is                     cstackBANK1  000190
powf@ix                     cstackBANK1  0001A8
powf@iy                     cstackBANK1  000198
powf@j                      cstackBANK1  0001AC
powf@k                      cstackBANK1  0001A0
powf@n                      cstackBANK1  00017C
powf@p_h                    cstackBANK1  00019C
powf@p_l                    cstackBANK1  000164
powf@r                      cstackBANK1  00014C
powf@s                      cstackBANK1  00015C
powf@s2                     cstackBANK1  00018C
powf@s_h                    cstackBANK1  00016C
powf@s_l                    cstackBANK1  000130
powf@sn                     cstackBANK1  000188
powf@t                      cstackBANK1  0001B0
powf@t1                     cstackBANK1  000180
powf@t2                     cstackBANK1  00011C
powf@t_h                    cstackBANK1  000168
powf@t_l                    cstackBANK1  000134
powf@u                      cstackBANK1  000174
powf@v                      cstackBANK1  000178
powf@w                      cstackBANK1  000144
powf@x                      cstackBANK0  0000C8
powf@y                      cstackBANK0  0000CC
powf@y1                     cstackBANK1  000128
powf@yisint                 cstackBANK1  000150
powf@z                      cstackBANK1  0001B4
powf@z_h                    cstackBANK1  000120
powf@z_l                    cstackBANK1  000124
scalbnf@n                   cstackCOMRAM 00002E
scalbnf@u                   cstackCOMRAM 000034
scalbnf@x                   cstackCOMRAM 00002A
scalbnf@y                   cstackCOMRAM 000038
send_to_disp@disp_word      cstackBANK0  0000D4
send_to_disp@i              cstackBANK0  0000E1
send_to_disp@internal_sweep cstackBANK0  0000DC
send_to_disp@num_disp       cstackBANK0  0000E0
send_to_disp@sweep          cstackBANK0  0000DE
sqrtf@__xc8_float_word      cstackBANK0  0000AC
sqrtf@i                     cstackBANK0  0000A8
sqrtf@ix                    cstackBANK0  0000C4
sqrtf@m                     cstackBANK0  0000BC
sqrtf@q                     cstackBANK0  0000B0
sqrtf@r                     cstackBANK0  0000C0
sqrtf@s                     cstackBANK0  0000A4
sqrtf@t                     cstackBANK0  0000B4
sqrtf@x                     cstackCOMRAM 00003E
sqrtf@z                     cstackBANK0  0000B8
stackhi                     (abs)        000000
stacklo                     (abs)        000000
start                       init         000000
start_initialization        cinit        004E1E


MODULE INFORMATION

Module		Function		Class		Link	Load	Size
D:\MPLABxIDE\pic\sources\c99\common\sqrtf.c
		_sqrtf         		CODE           	3174	0000	1216

D:\MPLABxIDE\pic\sources\c99\common\sqrtf.c estimated size: 1216

D:\MPLABxIDE\pic\sources\c99\common\sprcadd.c
		___flsub       		CODE           	4D94	0000	70
		___fladd       		CODE           	3634	0000	1216

D:\MPLABxIDE\pic\sources\c99\common\sprcadd.c estimated size: 1286

D:\MPLABxIDE\pic\sources\c99\common\powf.c
		_powf          		CODE           	0880	0000	10484

D:\MPLABxIDE\pic\sources\c99\common\powf.c estimated size: 10484

D:\MPLABxIDE\pic\sources\c99\common\fltol.c
		___fltol       		CODE           	4A1A	0000	264

D:\MPLABxIDE\pic\sources\c99\common\fltol.c estimated size: 264

D:\MPLABxIDE\pic\sources\c99\common\flge.c
		___flge        		CODE           	4B22	0000	260

D:\MPLABxIDE\pic\sources\c99\common\flge.c estimated size: 260

D:\MPLABxIDE\pic\sources\c99\common\xxtofl.c
		___xxtofl      		CODE           	473A	0000	436

D:\MPLABxIDE\pic\sources\c99\common\xxtofl.c estimated size: 436

D:\MPLABxIDE\pic\sources\c99\common\flneg.c
		___flneg       		CODE           	4E58	0000	56

D:\MPLABxIDE\pic\sources\c99\common\flneg.c estimated size: 56

D:\MPLABxIDE\pic\sources\c99\common\fabsf.c
		_fabsf         		CODE           	4E90	0000	52

D:\MPLABxIDE\pic\sources\c99\common\fabsf.c estimated size: 52

shared
		_L5            		SMALLCONST     	0000	0000	0
		_P3            		SMALLCONST     	0000	0000	0
		_L6            		SMALLCONST     	0000	0000	0
		_P4            		SMALLCONST     	0000	0000	0
		_P5            		SMALLCONST     	0000	0000	0
		_tiny@sqrtf$F686		SMALLCONST     	0000	0000	0
		_lg2_l         		SMALLCONST     	0000	0000	0
		_ivln2_l       		SMALLCONST     	0000	0000	0
		_ivln2         		SMALLCONST     	0000	0000	0
		__initialization		CODE           	4E1E	0000	48
		_bp            		SMALLCONST     	0869	0000	8
		_cp            		SMALLCONST     	0000	0000	0
		_cp_h          		SMALLCONST     	0000	0000	0
		_dp_h          		SMALLCONST     	0809	0000	8
		_lg2           		SMALLCONST     	0000	0000	0
		_lg2_h         		SMALLCONST     	0000	0000	0
		_ivln2_h       		SMALLCONST     	0000	0000	0
		_tiny          		SMALLCONST     	0000	0000	0
		_ovt           		SMALLCONST     	0000	0000	0
		_huge          		SMALLCONST     	0000	0000	0
		_two24         		SMALLCONST     	0000	0000	0
		_cp_l          		SMALLCONST     	0000	0000	0
		_dp_l          		SMALLCONST     	0801	0000	8
		_L1            		SMALLCONST     	0000	0000	0
		_L2            		SMALLCONST     	0000	0000	0
		_L3            		SMALLCONST     	0000	0000	0
		_P1            		SMALLCONST     	0000	0000	0
		_L4            		SMALLCONST     	0000	0000	0
		_P2            		SMALLCONST     	0000	0000	0

shared estimated size: 72

D:\MPLABxIDE\pic\sources\c99\common\nanf.c
		_nanf          		CODE           	4EEA	0000	34

D:\MPLABxIDE\pic\sources\c99\common\nanf.c estimated size: 34

D:\MPLABxIDE\pic\sources\c99\common\sprcmul.c
		___flmul       		CODE           	3AF4	0000	1066

D:\MPLABxIDE\pic\sources\c99\common\sprcmul.c estimated size: 1066

D:\MPLABxIDE\pic\sources\c99\common\sprcdiv.c
		___fldiv       		CODE           	3F1E	0000	922

D:\MPLABxIDE\pic\sources\c99\common\sprcdiv.c estimated size: 922

mainP6.c
		_portsInit     		CODE           	4EC4	0000	38
		_main          		CODE           	4D00	0000	148
		_key_scanner   		CODE           	42B8	0000	590
		_send_to_disp  		CODE           	4C26	0000	218
		_char_to_seg   		CODE           	48EE	0000	300

mainP6.c estimated size: 1294

D:\MPLABxIDE\pic\sources\c99\common\scalbnf.c
		_scalbnf       		CODE           	4506	0000	564

D:\MPLABxIDE\pic\sources\c99\common\scalbnf.c estimated size: 564

